  Voxels.cpp
  The contents of <filesystem> are available only with C++17 or later.
C:\CS\OpenGL\Voxels\Voxels\DAG.h(25,22): warning C4018: '<': signed/unsigned mismatch
C:\CS\OpenGL\Voxels\Voxels\BackgroundChunk.h(31,48): warning C4244: 'argument': conversion from 'int' to 'float', possible loss of data
C:\CS\OpenGL\Voxels\Voxels\BackgroundChunk.h(31,44): warning C4244: 'argument': conversion from 'int' to 'float', possible loss of data
C:\CS\OpenGL\Voxels\Voxels\BackgroundChunk.h(44,21): warning C4018: '<': signed/unsigned mismatch
C:\CS\OpenGL\Voxels\Voxels\BackgroundChunk.h(144,23): warning C4018: '<': signed/unsigned mismatch
C:\CS\OpenGL\Voxels\Voxels\BackgroundChunk.h(169,21): warning C4018: '<': signed/unsigned mismatch
C:\CS\OpenGL\Voxels\Voxels\Voxels.cpp(160,153): warning C4244: 'argument': conversion from 'double' to 'int', possible loss of data
C:\CS\OpenGL\Voxels\Voxels\Voxels.cpp(160,133): warning C4244: 'argument': conversion from 'double' to 'int', possible loss of data
C:\CS\OpenGL\Voxels\Voxels\Voxels.cpp(160,116): warning C4244: 'argument': conversion from 'double' to 'int', possible loss of data
C:\CS\OpenGL\Voxels\Voxels\Voxels.cpp(160,75): warning C4244: 'argument': conversion from 'double' to 'int', possible loss of data
C:\CS\OpenGL\Voxels\Voxels\Voxels.cpp(161,55): warning C4244: 'argument': conversion from 'double' to 'GLsizei', possible loss of data
C:\CS\OpenGL\Voxels\Voxels\Voxels.cpp(161,35): warning C4244: 'argument': conversion from 'double' to 'GLsizei', possible loss of data
C:\CS\OpenGL\Voxels\Voxels\Voxels.cpp(196,60): warning C4244: 'argument': conversion from 'double' to 'int', possible loss of data
C:\CS\OpenGL\Voxels\Voxels\Voxels.cpp(196,40): warning C4244: 'argument': conversion from 'double' to 'int', possible loss of data
C:\CS\OpenGL\Voxels\Voxels\Voxels.cpp(198,102): warning C4244: 'argument': conversion from 'double' to 'int', possible loss of data
C:\CS\OpenGL\Voxels\Voxels\Voxels.cpp(198,61): warning C4244: 'argument': conversion from 'double' to 'int', possible loss of data
C:\CS\OpenGL\Voxels\Voxels\Voxels.cpp(203,15): warning C4244: 'initializing': conversion from 'int' to 'float', possible loss of data
C:\CS\OpenGL\Voxels\Voxels\Voxels.cpp(214,51): warning C4244: 'argument': conversion from 'double' to 'GLsizei', possible loss of data
C:\CS\OpenGL\Voxels\Voxels\Voxels.cpp(214,31): warning C4244: 'argument': conversion from 'double' to 'GLsizei', possible loss of data
C:\CS\OpenGL\Voxels\Voxels\Voxels.cpp(327,20): warning C4244: 'initializing': conversion from 'double' to 'float', possible loss of data
C:\CS\OpenGL\Voxels\Voxels\Voxels.cpp(354,20): warning C4244: 'initializing': conversion from 'T' to 'int', possible loss of data
          with
          [
              T=float
          ]
C:\CS\OpenGL\Voxels\Voxels\Voxels.cpp(355,20): warning C4244: 'initializing': conversion from 'T' to 'int', possible loss of data
          with
          [
              T=float
          ]
C:\CS\OpenGL\Voxels\Voxels\Voxels.cpp(360,21): warning C4244: 'initializing': conversion from 'double' to 'float', possible loss of data
C:\CS\OpenGL\Voxels\Voxels\Voxels.cpp(380,44): warning C4244: 'argument': conversion from 'float' to 'int', possible loss of data
C:\CS\OpenGL\Voxels\Voxels\Voxels.cpp(380,22): warning C4244: 'argument': conversion from 'float' to 'int', possible loss of data
C:\CS\OpenGL\Voxels\Voxels\Voxels.cpp(417,74): warning C4244: 'argument': conversion from 'float' to 'int', possible loss of data
C:\CS\OpenGL\Voxels\Voxels\Voxels.cpp(417,38): warning C4244: 'argument': conversion from 'float' to 'int', possible loss of data
C:\CS\OpenGL\Voxels\Voxels\Voxels.cpp(521,17): warning C4244: 'initializing': conversion from 'double' to 'float', possible loss of data
C:\CS\OpenGL\Voxels\Voxels\Voxels.cpp(536,32): warning C4244: '+=': conversion from 'double' to 'float', possible loss of data
C:\CS\OpenGL\Voxels\Voxels\Voxels.cpp(537,32): warning C4244: '+=': conversion from 'double' to 'float', possible loss of data
C:\CS\OpenGL\Voxels\Voxels\Voxels.cpp(543,50): warning C4305: '=': truncation from 'double' to 'float'
C:\CS\OpenGL\Voxels\Voxels\Voxels.cpp(544,52): warning C4305: '=': truncation from 'double' to 'float'
  Generating code
  6 of 1284 functions ( 0.5%) were compiled, the rest were copied from previous compilation.
    0 functions were new in current compilation
    16 functions had inline decision re-evaluated but remain unchanged
  Finished generating code
  Voxels.vcxproj -> C:\CS\OpenGL\Voxels\Release\Voxels.exe
